
-----------------------------------Ready: P1 P2 P3 
-----------------------------------Waiting: 
-----------------------------------Terminated: 
P4: ready
New arrivals in the ready queue: P4 
-----------------------------------Running on kernel thread 4: P3 
-----------------------------------Running on kernel thread 0: P3 
-----------------------------------Ready: P1 P2 P4 P5 
-----------------------------------Waiting: 
-----------------------------------Terminated: 
P3 req R1: acquired
Available: R2 
P6: ready
New arrivals in the ready queue: P6 P3 req R2: acquired
Available: 
P3 rel R1: released
Available: R1 
P3 rel R2: released
Available: R1 R2 
P3 terminated

-----------------------------------Running on kernel thread 4: P6 
-----------------------------------Running on kernel thread 0: P6 
-----------------------------------Ready: P2 
-----------------------------------Waiting: 
-----------------------------------Terminated: P4 P3 P5 P1 
P6: no instruction to execute
P6 terminated
