
-----------------------------------Ready: P1 
-----------------------------------Waiting: 
-----------------------------------Terminated: 

-----------------------------------Ready: P1 
-----------------------------------Waiting: 
-----------------------------------Terminated: 
P2: ready
New arrivals in the ready queue: P2 
-----------------------------------Running on kernel thread 4: P1 
-----------------------------------Running on kernel thread 0: P1 
-----------------------------------Ready: 
-----------------------------------Waiting: 
-----------------------------------Terminated: 
P1 req R1: acquired
Available: 
P1 rel R1: released
Available: R1 
Wake up process P2 waiting for R1
P2: ready
P1 terminated
