
-----------------------------------Ready: P1 P2 P3 
-----------------------------------Waiting: 
-----------------------------------Terminated: 

-----------------------------------Running on kernel thread 4: P2 
-----------------------------------Running on kernel thread 0: P2 
-----------------------------------Ready: 
-----------------------------------Waiting: 
-----------------------------------Terminated: 
P2 req R1: acquired
Available: 
P2 rel R1: released
Available: R1 
Wake up process P3 waiting for R1
P3: ready
P2 terminated

-----------------------------------Running on kernel thread 4: P1 
-----------------------------------Running on kernel thread 0: P1 
-----------------------------------Ready: 
-----------------------------------Waiting: 
-----------------------------------Terminated: P2 P3 
P1 req R1: acquired
Available: 
P1 rel R1: released
Available: R1 
P1 terminated
