
-----------------------------------Ready: P1 P2 P3 
-----------------------------------Waiting: 
-----------------------------------Terminated: 

-----------------------------------Running on kernel thread 4: P5 
-----------------------------------Running on kernel thread 0: P5 
-----------------------------------Ready: P2 P6 
-----------------------------------Waiting: 
-----------------------------------Terminated: 
P5: no instruction to execute
P5 terminated

-----------------------------------Running on kernel thread 4: P2 
-----------------------------------Running on kernel thread 0: P2 
-----------------------------------Ready: 
-----------------------------------Waiting: 
-----------------------------------Terminated: P5 P4 
P2 req R1: acquired
Available: 
P2 req R2: waiting

-----------------------------------Running on kernel thread 4: P1 
-----------------------------------Running on kernel thread 0: P1 
-----------------------------------Ready: 
-----------------------------------Waiting: P2 
-----------------------------------Terminated: P5 P4 P6 
P1 req R1: waiting
