
-----------------------------------Ready: P1 
-----------------------------------Waiting: 
-----------------------------------Terminated: 

-----------------------------------Ready: P1 P2 P3 
-----------------------------------Waiting: 
-----------------------------------Terminated: 

-----------------------------------Running on kernel thread 4: P2 
-----------------------------------Running on kernel thread 0: P2 
-----------------------------------Ready: 
-----------------------------------Waiting: 
-----------------------------------Terminated: 
P2 req R2: acquired
Available: R1 R3 
P2 rel R2: released
Available: R1 R2 R3 
P2 req R2: acquired
Available: R1 R3 
P2 rel R2: released
Available: R1 R2 R3 
P2 terminated
