
-----------------------------------Ready: P1 P2 
-----------------------------------Waiting: 
-----------------------------------Terminated: 
P3: ready
New arrivals in the ready queue: P3 
-----------------------------------Running on kernel thread 0: P1 
-----------------------------------Running on kernel thread 0: P1 
-----------------------------------Ready: P3 
-----------------------------------Waiting: 
-----------------------------------Terminated: 
P1 req R1: acquired
Available: 
P1 rel R1: released
Available: 
P1 terminated

-----------------------------------Running on kernel thread 0: P3 
-----------------------------------Running on kernel thread 0: P3 
-----------------------------------Ready: 
-----------------------------------Waiting: 
-----------------------------------Terminated: P1 P2 
P3 req R1: acquired
Available: 
P3 rel R1: released
Available: R1 
P3 terminated
