
-----------------------------------Ready: P1 P2 P3 
-----------------------------------Waiting: 
-----------------------------------Terminated: 

-----------------------------------Running on kernel thread 0: P2 
-----------------------------------Running on kernel thread 0: P2 
-----------------------------------Ready: P3 
-----------------------------------Waiting: 
-----------------------------------Terminated: 
P2 req R2: acquired
Available: R3 
P2 rel R2: released
Available: R1 R2 R3 
P2: ready

-----------------------------------Running on kernel thread 0: P1 
-----------------------------------Running on kernel thread 0: P1 
-----------------------------------Ready: P2 
-----------------------------------Waiting: 
-----------------------------------Terminated: 
P1 req R1: acquired
Available: R2 
P1 rel R1: released
Available: R1 R2 R3 
P1 terminated

-----------------------------------Running on kernel thread 0: P3 
-----------------------------------Running on kernel thread 0: P3 
-----------------------------------Ready: 
-----------------------------------Waiting: 
-----------------------------------Terminated: P1 
P3 req R3: acquired
Available: R1 
P3 rel R3: released
Available: R1 R2 R3 
P3 terminated
