
-----------------------------------Ready: P1 P2 P3 
-----------------------------------Waiting: 
-----------------------------------Terminated: 

-----------------------------------Running on kernel thread 0: P3 
-----------------------------------Running on kernel thread 0: P3 
-----------------------------------Ready: P4 P5 P6 
-----------------------------------Waiting: 
-----------------------------------Terminated: 
P3 req R1: waiting

-----------------------------------Running on kernel thread 0: P5 
-----------------------------------Running on kernel thread 0: P5 
-----------------------------------Ready: P1 
-----------------------------------Waiting: P3 P2 P4 
-----------------------------------Terminated: 
P5 req R1: waiting

-----------------------------------Running on kernel thread 0: P3 
-----------------------------------Running on kernel thread 0: P3 
-----------------------------------Ready: 
-----------------------------------Waiting: P2 P4 P5 P6 
-----------------------------------Terminated: 
P3 req R1: waiting

-----------------------------------Running on kernel thread 0: P6 
-----------------------------------Running on kernel thread 0: P6 
-----------------------------------Ready: 
-----------------------------------Waiting: P2 P4 P5 P3 
-----------------------------------Terminated: 
P6 req R2: acquired
Available: 
P6 rel R1: released
Available: R1 
Wake up process P2 waiting for R1
P2: ready
P6: ready

-----------------------------------Running on kernel thread 0: P5 
-----------------------------------Running on kernel thread 0: P5 
-----------------------------------Ready: 
-----------------------------------Waiting: P3 P1 P2 
-----------------------------------Terminated: P6 
P5 req R2: acquired
Available: 
P5 rel R1: released
Available: R1 
Wake up process P3 waiting for R1
P3: ready
P5: ready

-----------------------------------Running on kernel thread 0: P3 
-----------------------------------Running on kernel thread 0: P3 
-----------------------------------Ready: P5 
-----------------------------------Waiting: P1 P2 
-----------------------------------Terminated: P6 
P3 req R1: acquired
Available: 
P3 req R2: waiting

-----------------------------------Running on kernel thread 0: P5 
-----------------------------------Running on kernel thread 0: P5 
-----------------------------------Ready: 
-----------------------------------Waiting: P1 P2 P3 
-----------------------------------Terminated: P6 
P5 rel R2: released
Available: R2 
Wake up process P3 waiting for R2
P3: ready
P5 req R1: waiting

-----------------------------------Running on kernel thread 0: P1 
-----------------------------------Running on kernel thread 0: P1 
-----------------------------------Ready: P3 
-----------------------------------Waiting: P2 P4 P5 
-----------------------------------Terminated: P6 
P1 req R1: acquired
Available: 
P1 req R2: acquired
Available: 
P1: ready

-----------------------------------Running on kernel thread 0: P2 
-----------------------------------Running on kernel thread 0: P2 
-----------------------------------Ready: 
-----------------------------------Waiting: P4 P5 P3 
-----------------------------------Terminated: P6 P1 
P2 rel R1: released
Available: R1 
Wake up process P4 waiting for R1
P4: ready
P2 rel R2: released
Available: R1 R2 
P2: ready

-----------------------------------Running on kernel thread 0: P5 
-----------------------------------Running on kernel thread 0: P5 
-----------------------------------Ready: 
-----------------------------------Waiting: P3 P2 
-----------------------------------Terminated: P6 P1 P4 
P5 req R1: acquired
Available: R2 
P5 req R2: acquired
Available: 
P5: ready

-----------------------------------Running on kernel thread 0: P3 
-----------------------------------Running on kernel thread 0: P3 
-----------------------------------Ready: 
-----------------------------------Waiting: P2 
-----------------------------------Terminated: P6 P1 P4 P5 
P3 req R1: acquired
Available: R2 
P3 req R2: acquired
Available: 
P3: ready

-----------------------------------Running on kernel thread 0: P2 
-----------------------------------Running on kernel thread 0: P2 
-----------------------------------Ready: 
-----------------------------------Waiting: 
-----------------------------------Terminated: P6 P1 P4 P5 P3 
P2 req R1: acquired
Available: R2 
P2 req R2: acquired
Available: 
P2: ready
