
-----------------------------------Ready: P1 P2 P3 
-----------------------------------Waiting: 
-----------------------------------Terminated: 
P5: ready
New arrivals in the ready queue: P5 
-----------------------------------Running on kernel thread 0: P2 
-----------------------------------Running on kernel thread 0: P2 
-----------------------------------Ready: P3 P4 P5 P6 
-----------------------------------Waiting: 
-----------------------------------Terminated: 
P2 req R1: acquired
Available: R2 
P2 req R2: waiting

-----------------------------------Running on kernel thread 0: P4 
-----------------------------------Running on kernel thread 0: P4 
-----------------------------------Ready: P5 P6 
-----------------------------------Waiting: P2 P3 
-----------------------------------Terminated: 
P4 req R2: acquired
Available: 
P4 req R1: waiting

-----------------------------------Running on kernel thread 0: P2 
-----------------------------------Running on kernel thread 0: P2 
-----------------------------------Ready: 
-----------------------------------Waiting: P3 P4 
-----------------------------------Terminated: P1 P5 P6 
P2 req R2: waiting
