
-----------------------------------Ready: P1 
-----------------------------------Waiting: 
-----------------------------------Terminated: 

-----------------------------------Ready: P1 
-----------------------------------Waiting: 
-----------------------------------Terminated: 

-----------------------------------Ready: P1 
-----------------------------------Waiting: 
-----------------------------------Terminated: 
P2: ready
New arrivals in the ready queue: P2 
-----------------------------------Running on kernel thread 0: P1 
-----------------------------------Running on kernel thread 0: P1 
-----------------------------------Ready: P2 P3 
-----------------------------------Waiting: 
-----------------------------------Terminated: 
P1 req R1: acquired
Available: R2 R2 R3 R4 
P1 req R2: acquired
Available: R2 R3 R4 
P1 terminated
P7: ready
New arrivals in the ready queue: P7 
-----------------------------------Running on kernel thread 0: P6 
-----------------------------------Running on kernel thread 0: P6 
-----------------------------------Ready: P7 P4 
-----------------------------------Waiting: P2 P3 
-----------------------------------Terminated: P1 
P6: no instruction to execute
P6 terminated

-----------------------------------Running on kernel thread 0: P5 
-----------------------------------Running on kernel thread 0: P5 
-----------------------------------Ready: 
-----------------------------------Waiting: P2 P3 
-----------------------------------Terminated: P1 P6 P7 
P5 req R4: acquired
Available: R2 
P5 rel R4: released
Available: R2 R4 
P5 terminated
