P3 req R1: waiting
P5 req R1: waiting
P3 req R1: waiting
P6 req R2: acquired
P6 rel R1: released
Wake up process P2 waiting for R1
P2: ready
P6: ready
P5 req R2: acquired
P5 rel R1: released
Wake up process P3 waiting for R1
P3: ready
P5: ready
P3 req R1: acquired
P3 req R2: waiting
P5 rel R2: released
Wake up process P3 waiting for R2
P3: ready
P5 req R1: waiting
P1 req R1: acquired
P1 req R2: acquired
P1: ready
P2 rel R1: released
Wake up process P4 waiting for R1
P4: ready
P2 rel R2: released
P2: ready
P5 req R1: acquired
P5 req R2: acquired
P5: ready
P3 req R1: acquired
P3 req R2: acquired
P3: ready
P2 req R1: acquired
P2 req R2: acquired
P2: ready
